
> gestor-proyectos-vercel@0.1.0 build
> cross-env NODE_ENV=production next build

  Γû▓ Next.js 14.2.31
  - Environments: .env.local, .env.production

   Creating an optimized production build ...
 Γ£ô Compiled successfully
   Skipping linting
   Checking validity of types ...
   Collecting page data ...
unhandledRejection Error [PageNotFoundError]: Cannot find module for page: /_document
    at getPagePath (A:\programing_workspace\gestor_proyectos_vercel\node_modules\next\dist\server\require.js:94:15)
    at requirePage (A:\programing_workspace\gestor_proyectos_vercel\node_modules\next\dist\server\require.js:99:22)
    at A:\programing_workspace\gestor_proyectos_vercel\node_modules\next\dist\server\load-components.js:72:65
    at process.processTicksAndRejections (node:internal/process/task_queues:105:5)
    at async Promise.all (index 0)
    at async loadComponentsImpl (A:\programing_workspace\gestor_proyectos_vercel\node_modules\next\dist\server\load-components.js:71:33)
    at async Object.getDefinedNamedExports (A:\programing_workspace\gestor_proyectos_vercel\node_modules\next\dist\build\utils.js:1291:24) {
  type: 'PageNotFoundError',
  code: 'ENOENT'
}
